<?xml version="1.0" encoding="UTF-8"?>
<testsuites name="jest tests" tests="25" failures="0" errors="0" time="4.586">
  <testsuite name="reducer unit tests" errors="0" failures="0" skipped="0" timestamp="2023-02-14T07:38:14" time="1.146" tests="1">
    <testcase classname="reducer unit tests selectProduct reducerを実行して、productが選択された状態になること" name="reducer unit tests selectProduct reducerを実行して、productが選択された状態になること" time="0.001">
    </testcase>
  </testsuite>
  <testsuite name="商品選択ページのテスト" errors="0" failures="0" skipped="2" timestamp="2023-02-14T07:38:14" time="1.806" tests="7">
    <testcase classname="商品選択ページのテスト 初期表示の要素存在確認 商品選択画面のタイトルが表示されること" name="商品選択ページのテスト 初期表示の要素存在確認 商品選択画面のタイトルが表示されること" time="0.051">
    </testcase>
    <testcase classname="商品選択ページのテスト 初期表示の要素存在確認 商品選択画面の選択オプションが表示されること" name="商品選択ページのテスト 初期表示の要素存在確認 商品選択画面の選択オプションが表示されること" time="0.06">
    </testcase>
    <testcase classname="商品選択ページのテスト 初期表示の要素存在確認 初期ステータスでproduct1が選択されている" name="商品選択ページのテスト 初期表示の要素存在確認 初期ステータスでproduct1が選択されている" time="0">
      <skipped/>
    </testcase>
    <testcase classname="商品選択ページのテスト 初期表示の要素存在確認 次へボタンが存在すること" name="商品選択ページのテスト 初期表示の要素存在確認 次へボタンが存在すること" time="0.038">
    </testcase>
    <testcase classname="商品選択ページのテスト 動的機能のテスト 商品1と商品2をそれぞれ選択できること" name="商品選択ページのテスト 動的機能のテスト 商品1と商品2をそれぞれ選択できること" time="0">
      <skipped/>
    </testcase>
    <testcase classname="商品選択ページのテスト 動的機能のテスト 次へのボタンをクリックすると、選択された商品コードがStoreに保存されること" name="商品選択ページのテスト 動的機能のテスト 次へのボタンをクリックすると、選択された商品コードがStoreに保存されること" time="0.035">
    </testcase>
    <testcase classname="商品選択ページのテスト 動的機能のテスト 次へボタンをクリックすると、顧客情報入力画面に進むこと" name="商品選択ページのテスト 動的機能のテスト 次へボタンをクリックすると、顧客情報入力画面に進むこと" time="0.007">
    </testcase>
  </testsuite>
  <testsuite name="Products Componentのテスト" errors="0" failures="0" skipped="0" timestamp="2023-02-14T07:38:14" time="1.805" tests="4">
    <testcase classname="Products Componentのテスト 初期表示の要素存在確認 初期ステータスでproduct1が選択されている" name="Products Componentのテスト 初期表示の要素存在確認 初期ステータスでproduct1が選択されている" time="0.069">
    </testcase>
    <testcase classname="Products Componentのテスト 初期表示の要素存在確認 product2が選択されているステータスの場合、画面上もproduct2が選択されている" name="Products Componentのテスト 初期表示の要素存在確認 product2が選択されているステータスの場合、画面上もproduct2が選択されている" time="0.04">
    </testcase>
    <testcase classname="Products Componentのテスト 初期表示の要素存在確認 propsのproductsごとにradioが生成されること" name="Products Componentのテスト 初期表示の要素存在確認 propsのproductsごとにradioが生成されること" time="0.053">
    </testcase>
    <testcase classname="Products Componentのテスト 動的機能のテスト 商品1と商品2をそれぞれ選択できること" name="Products Componentのテスト 動的機能のテスト 商品1と商品2をそれぞれ選択できること" time="0.02">
    </testcase>
  </testsuite>
  <testsuite name="address apiのテスト" errors="0" failures="0" skipped="0" timestamp="2023-02-14T07:38:14" time="2.206" tests="1">
    <testcase classname="address apiのテスト address apiから住所を取得できること" name="address apiのテスト address apiから住所を取得できること" time="0.002">
    </testcase>
  </testsuite>
  <testsuite name="顧客情報入力ページのテスト" errors="0" failures="0" skipped="0" timestamp="2023-02-14T07:38:14" time="2.595" tests="12">
    <testcase classname="顧客情報入力ページのテスト 初期表示の要素存在確認 タイトルが表示されること" name="顧客情報入力ページのテスト 初期表示の要素存在確認 タイトルが表示されること" time="0.061">
    </testcase>
    <testcase classname="顧客情報入力ページのテスト 初期表示の要素存在確認 氏名の入力欄とラベルが存在すること" name="顧客情報入力ページのテスト 初期表示の要素存在確認 氏名の入力欄とラベルが存在すること" time="0.008">
    </testcase>
    <testcase classname="顧客情報入力ページのテスト 初期表示の要素存在確認 性別のプルダウンリストが存在して、「---」、「男」、「女」が入っていること" name="顧客情報入力ページのテスト 初期表示の要素存在確認 性別のプルダウンリストが存在して、「---」、「男」、「女」が入っていること" time="0.048">
    </testcase>
    <testcase classname="顧客情報入力ページのテスト 初期表示の要素存在確認 住所情報を入力する要素が存在すること" name="顧客情報入力ページのテスト 初期表示の要素存在確認 住所情報を入力する要素が存在すること" time="0.015">
    </testcase>
    <testcase classname="顧客情報入力ページのテスト 初期表示の要素存在確認 次へボタンが存在すること" name="顧客情報入力ページのテスト 初期表示の要素存在確認 次へボタンが存在すること" time="0.01">
    </testcase>
    <testcase classname="顧客情報入力ページのテスト 動的機能のテスト 氏名の入力欄に入力したデータはvalueにBindingされていること" name="顧客情報入力ページのテスト 動的機能のテスト 氏名の入力欄に入力したデータはvalueにBindingされていること" time="0.015">
    </testcase>
    <testcase classname="顧客情報入力ページのテスト 動的機能のテスト 性別のプルダウンリストで[---]を選択してSelectのvalueにBindingされていること" name="顧客情報入力ページのテスト 動的機能のテスト 性別のプルダウンリストで[---]を選択してSelectのvalueにBindingされていること" time="0.017">
    </testcase>
    <testcase classname="顧客情報入力ページのテスト 動的機能のテスト 性別のプルダウンリストで[male]を選択してSelectのvalueにBindingされていること" name="顧客情報入力ページのテスト 動的機能のテスト 性別のプルダウンリストで[male]を選択してSelectのvalueにBindingされていること" time="0.014">
    </testcase>
    <testcase classname="顧客情報入力ページのテスト 動的機能のテスト 性別のプルダウンリストで[female]を選択してSelectのvalueにBindingされていること" name="顧客情報入力ページのテスト 動的機能のテスト 性別のプルダウンリストで[female]を選択してSelectのvalueにBindingされていること" time="0.037">
    </testcase>
    <testcase classname="顧客情報入力ページのテスト 動的機能のテスト 郵便番号入力欄に入力したデータはvalueにBindingされていること" name="顧客情報入力ページのテスト 動的機能のテスト 郵便番号入力欄に入力したデータはvalueにBindingされていること" time="0.021">
    </testcase>
    <testcase classname="顧客情報入力ページのテスト 動的機能のテスト 郵便番号を入れて、チェックボタンをクリックすると、住所が「住所1」に入ること" name="顧客情報入力ページのテスト 動的機能のテスト 郵便番号を入れて、チェックボタンをクリックすると、住所が「住所1」に入ること" time="0.028">
    </testcase>
    <testcase classname="顧客情報入力ページのテスト 動的機能のテスト 次へボタンをクリックすると、入力された情報がStoreに保存されること" name="顧客情報入力ページのテスト 動的機能のテスト 次へボタンをクリックすると、入力された情報がStoreに保存されること" time="0">
    </testcase>
  </testsuite>
</testsuites>